// Jest Snapshot v1, https://goo.gl/fbAQLP

exports[`checkbox checkbox 1`] = `
<div>
  <div
    class="ant-formily-item ant-formily-item-layout-horizontal ant-formily-item-feedback-layout-loose ant-formily-item-label-align-right ant-formily-item-control-align-left"
  >
    <div
      class="ant-formily-item-label"
    >
      <div
        class="ant-formily-item-label-content"
      >
        <span>
          <label>
            edit
          </label>
        </span>
      </div>
      <span
        class="ant-formily-item-colon"
      >
        :
      </span>
    </div>
    <div
      class="ant-formily-item-control"
    >
      <div
        class="ant-formily-item-control-content"
      >
        <div
          class="ant-formily-item-control-content-component"
        >
          <label
            class="ant-checkbox-wrapper"
          >
            <span
              class="ant-checkbox"
            >
              <input
                class="ant-checkbox-input"
                type="checkbox"
                value=""
              />
              <span
                class="ant-checkbox-inner"
              />
            </span>
          </label>
        </div>
      </div>
    </div>
  </div>
  <div
    class="ant-formily-item ant-formily-item-layout-horizontal ant-formily-item-feedback-layout-loose ant-formily-item-label-align-right ant-formily-item-control-align-left"
  >
    <div
      class="ant-formily-item-label"
    >
      <div
        class="ant-formily-item-label-content"
      >
        <span>
          <label>
            阅读模式
          </label>
        </span>
      </div>
      <span
        class="ant-formily-item-colon"
      >
        :
      </span>
    </div>
    <div
      class="ant-formily-item-control"
    >
      <div
        class="ant-formily-item-control-content"
      >
        <div
          class="ant-formily-item-control-content-component"
        />
      </div>
    </div>
  </div>
</div>
`;
