// Jest Snapshot v1, https://goo.gl/fbAQLP

exports[`DatePicker DatePicker 1`] = `
<div>
  <div
    class="ant-formily-item ant-formily-item-layout-horizontal ant-formily-item-feedback-layout-loose ant-formily-item-label-align-right ant-formily-item-control-align-left"
  >
    <div
      class="ant-formily-item-label"
    >
      <div
        class="ant-formily-item-label-content"
      >
        <span>
          <label>
            Editable
          </label>
        </span>
      </div>
      <span
        class="ant-formily-item-colon"
      >
        :
      </span>
    </div>
    <div
      class="ant-formily-item-control"
    >
      <div
        class="ant-formily-item-control-content"
      >
        <div
          class="ant-formily-item-control-content-component"
        >
          <div
            class="ant-picker"
          >
            <div
              class="ant-picker-input"
            >
              <input
                autocomplete="off"
                placeholder="Select date"
                readonly=""
                size="21"
                title=""
                value=""
              />
              <span
                class="ant-picker-suffix"
              >
                <span
                  aria-label="calendar"
                  class="anticon anticon-calendar"
                  role="img"
                >
                  <svg
                    aria-hidden="true"
                    data-icon="calendar"
                    fill="currentColor"
                    focusable="false"
                    height="1em"
                    viewBox="64 64 896 896"
                    width="1em"
                  >
                    <path
                      d="M880 184H712v-64c0-4.4-3.6-8-8-8h-56c-4.4 0-8 3.6-8 8v64H384v-64c0-4.4-3.6-8-8-8h-56c-4.4 0-8 3.6-8 8v64H144c-17.7 0-32 14.3-32 32v664c0 17.7 14.3 32 32 32h736c17.7 0 32-14.3 32-32V216c0-17.7-14.3-32-32-32zm-40 656H184V460h656v380zM184 392V256h128v48c0 4.4 3.6 8 8 8h56c4.4 0 8-3.6 8-8v-48h256v48c0 4.4 3.6 8 8 8h56c4.4 0 8-3.6 8-8v-48h128v136H184z"
                    />
                  </svg>
                </span>
              </span>
            </div>
          </div>
        </div>
      </div>
    </div>
  </div>
  <div
    class="ant-formily-item ant-formily-item-layout-horizontal ant-formily-item-feedback-layout-loose ant-formily-item-label-align-right ant-formily-item-control-align-left"
  >
    <div
      class="ant-formily-item-label"
    >
      <div
        class="ant-formily-item-label-content"
      >
        <span>
          <label>
            Read pretty
          </label>
        </span>
      </div>
      <span
        class="ant-formily-item-colon"
      >
        :
      </span>
    </div>
    <div
      class="ant-formily-item-control"
    >
      <div
        class="ant-formily-item-control-content"
      >
        <div
          class="ant-formily-item-control-content-component"
        >
          <div />
        </div>
      </div>
    </div>
  </div>
</div>
`;
