// Jest Snapshot v1, https://goo.gl/fbAQLP

exports[`action snapshots action  1`] = `
<div>
  <button
    class="ant-btn ant-btn-primary css-1xsefc2"
    type="button"
  >
    <span>
      Open
    </span>
  </button>
</div>
`;
