// Jest Snapshot v1, https://goo.gl/fbAQLP

exports[`calendar calendar 1`] = `
<div>
  <div
    style="height: 700px;"
  >
    <div
      class="rbc-calendar"
    >
      <div
        style="display: flex; justify-content: space-between; align-items: center; overflow-x: auto; flex-shrink: 0;"
      >
        <div
          class="css-2ylt3q"
          style="display: flex; justify-content: space-between; align-items: center; width: 100%;"
        >
          <div
            class="ant-space ant-space-horizontal ant-space-align-center"
          >
            <div
              class="ant-space-item"
              style="margin-right: 8px;"
            >
              <button
                class="ant-btn ant-btn-default"
                type="button"
              >
                <span>
                  Today
                </span>
              </button>
            </div>
            <div
              class="ant-space-item"
              style="margin-right: 8px;"
            >
              <div
                class="ant-btn-group"
              >
                <button
                  class="ant-btn ant-btn-default ant-btn-icon-only"
                  type="button"
                >
                  <span
                    aria-label="left"
                    class="anticon anticon-left"
                    role="img"
                  >
                    <svg
                      aria-hidden="true"
                      data-icon="left"
                      fill="currentColor"
                      focusable="false"
                      height="1em"
                      viewBox="64 64 896 896"
                      width="1em"
                    >
                      <path
                        d="M724 218.3V141c0-6.7-7.7-10.4-12.9-6.3L260.3 486.8a31.86 31.86 0 000 50.3l450.8 352.1c5.3 4.1 12.9.4 12.9-6.3v-77.3c0-4.9-2.3-9.6-6.1-12.6l-360-281 360-281.1c3.8-3 6.1-7.7 6.1-12.6z"
                      />
                    </svg>
                  </span>
                </button>
                <button
                  class="ant-btn ant-btn-default ant-btn-icon-only"
                  type="button"
                >
                  <span
                    aria-label="right"
                    class="anticon anticon-right"
                    role="img"
                  >
                    <svg
                      aria-hidden="true"
                      data-icon="right"
                      fill="currentColor"
                      focusable="false"
                      height="1em"
                      viewBox="64 64 896 896"
                      width="1em"
                    >
                      <path
                        d="M765.7 486.8L314.9 134.7A7.97 7.97 0 00302 141v77.3c0 4.9 2.3 9.6 6.1 12.6l360 281.1-360 281.1c-3.9 3-6.1 7.7-6.1 12.6V883c0 6.7 7.7 10.4 12.9 6.3l450.8-352.1a31.96 31.96 0 000-50.4z"
                      />
                    </svg>
                  </span>
                </button>
              </div>
            </div>
            <div
              class="ant-space-item"
            >
              <div
                class="ant-btn-group"
                style="font-size: 1.75em; font-weight: 300;"
              >
                <span>
                  2022-12
                </span>
                <span
                  style="margin-left: 4px;"
                />
              </div>
            </div>
          </div>
          <div
            class="ant-space ant-space-horizontal ant-space-align-center"
          >
            <div
              class="ant-space-item"
            >
              <div
                class="ant-btn-group"
              >
                <div
                  class="ant-select ant-select-single ant-select-show-arrow"
                >
                  <div
                    class="ant-select-selector"
                  >
                    <span
                      class="ant-select-selection-search"
                    >
                      <input
                        aria-activedescendant="rc_select_TEST_OR_SSR_list_0"
                        aria-autocomplete="list"
                        aria-controls="rc_select_TEST_OR_SSR_list"
                        aria-haspopup="listbox"
                        aria-owns="rc_select_TEST_OR_SSR_list"
                        autocomplete="off"
                        class="ant-select-selection-search-input"
                        id="rc_select_TEST_OR_SSR"
                        readonly=""
                        role="combobox"
                        style="opacity: 0;"
                        type="search"
                        unselectable="on"
                        value=""
                      />
                    </span>
                    <span
                      class="ant-select-selection-item"
                      title="Month"
                    >
                      Month
                    </span>
                  </div>
                  <span
                    aria-hidden="true"
                    class="ant-select-arrow"
                    style="user-select: none;"
                    unselectable="on"
                  >
                    <span
                      aria-label="down"
                      class="anticon anticon-down ant-select-suffix"
                      role="img"
                    >
                      <svg
                        aria-hidden="true"
                        data-icon="down"
                        fill="currentColor"
                        focusable="false"
                        height="1em"
                        viewBox="64 64 896 896"
                        width="1em"
                      >
                        <path
                          d="M884 256h-75c-5.1 0-9.9 2.5-12.9 6.6L512 654.2 227.9 262.6c-3-4.1-7.8-6.6-12.9-6.6h-75c-6.5 0-10.3 7.4-6.5 12.7l352.6 486.1c12.8 17.6 39 17.6 51.7 0l352.6-486.1c3.9-5.3.1-12.7-6.4-12.7z"
                        />
                      </svg>
                    </span>
                  </span>
                </div>
              </div>
            </div>
          </div>
        </div>
      </div>
      <div
        aria-label="Month View"
        class="rbc-month-view"
        role="table"
      >
        <div
          class="rbc-row rbc-month-header"
          role="row"
        >
          <div
            class="rbc-header"
          >
            <span
              aria-sort="none"
              role="columnheader"
            >
              Sun
            </span>
          </div>
          <div
            class="rbc-header"
          >
            <span
              aria-sort="none"
              role="columnheader"
            >
              Mon
            </span>
          </div>
          <div
            class="rbc-header"
          >
            <span
              aria-sort="none"
              role="columnheader"
            >
              Tue
            </span>
          </div>
          <div
            class="rbc-header"
          >
            <span
              aria-sort="none"
              role="columnheader"
            >
              Wed
            </span>
          </div>
          <div
            class="rbc-header"
          >
            <span
              aria-sort="none"
              role="columnheader"
            >
              Thu
            </span>
          </div>
          <div
            class="rbc-header"
          >
            <span
              aria-sort="none"
              role="columnheader"
            >
              Fri
            </span>
          </div>
          <div
            class="rbc-header"
          >
            <span
              aria-sort="none"
              role="columnheader"
            >
              Sat
            </span>
          </div>
        </div>
        <div
          class="rbc-month-row"
          role="rowgroup"
        >
          <div
            class="rbc-row-bg"
          >
            <div
              class="rbc-day-bg rbc-off-range-bg"
            />
            <div
              class="rbc-day-bg rbc-off-range-bg"
            />
            <div
              class="rbc-day-bg rbc-off-range-bg"
            />
            <div
              class="rbc-day-bg rbc-off-range-bg"
            />
            <div
              class="rbc-day-bg"
            />
            <div
              class="rbc-day-bg"
            />
            <div
              class="rbc-day-bg"
            />
          </div>
          <div
            class="rbc-row-content"
            role="row"
          >
            <div
              class="rbc-row "
            >
              <div
                class="rbc-date-cell rbc-off-range"
                role="cell"
              >
                <a
                  role="cell"
                >
                  <span
                    class="rbc-date-solar"
                  >
                    27
                  </span>
                </a>
              </div>
              <div
                class="rbc-date-cell rbc-off-range"
                role="cell"
              >
                <a
                  role="cell"
                >
                  <span
                    class="rbc-date-solar"
                  >
                    28
                  </span>
                </a>
              </div>
              <div
                class="rbc-date-cell rbc-off-range"
                role="cell"
              >
                <a
                  role="cell"
                >
                  <span
                    class="rbc-date-solar"
                  >
                    29
                  </span>
                </a>
              </div>
              <div
                class="rbc-date-cell rbc-off-range"
                role="cell"
              >
                <a
                  role="cell"
                >
                  <span
                    class="rbc-date-solar"
                  >
                    30
                  </span>
                </a>
              </div>
              <div
                class="rbc-date-cell"
                role="cell"
              >
                <a
                  role="cell"
                >
                  <span
                    class="rbc-date-solar"
                  >
                    01
                  </span>
                </a>
              </div>
              <div
                class="rbc-date-cell"
                role="cell"
              >
                <a
                  role="cell"
                >
                  <span
                    class="rbc-date-solar"
                  >
                    02
                  </span>
                </a>
              </div>
              <div
                class="rbc-date-cell"
                role="cell"
              >
                <a
                  role="cell"
                >
                  <span
                    class="rbc-date-solar"
                  >
                    03
                  </span>
                </a>
              </div>
            </div>
          </div>
        </div>
        <div
          class="rbc-month-row"
          role="rowgroup"
        >
          <div
            class="rbc-row-bg"
          >
            <div
              class="rbc-day-bg"
            />
            <div
              class="rbc-day-bg"
            />
            <div
              class="rbc-day-bg"
            />
            <div
              class="rbc-day-bg"
            />
            <div
              class="rbc-day-bg"
            />
            <div
              class="rbc-day-bg"
            />
            <div
              class="rbc-day-bg"
            />
          </div>
          <div
            class="rbc-row-content"
            role="row"
          >
            <div
              class="rbc-row "
            >
              <div
                class="rbc-date-cell"
                role="cell"
              >
                <a
                  role="cell"
                >
                  <span
                    class="rbc-date-solar"
                  >
                    04
                  </span>
                </a>
              </div>
              <div
                class="rbc-date-cell"
                role="cell"
              >
                <a
                  role="cell"
                >
                  <span
                    class="rbc-date-solar"
                  >
                    05
                  </span>
                </a>
              </div>
              <div
                class="rbc-date-cell"
                role="cell"
              >
                <a
                  role="cell"
                >
                  <span
                    class="rbc-date-solar"
                  >
                    06
                  </span>
                </a>
              </div>
              <div
                class="rbc-date-cell"
                role="cell"
              >
                <a
                  role="cell"
                >
                  <span
                    class="rbc-date-solar"
                  >
                    07
                  </span>
                </a>
              </div>
              <div
                class="rbc-date-cell"
                role="cell"
              >
                <a
                  role="cell"
                >
                  <span
                    class="rbc-date-solar"
                  >
                    08
                  </span>
                </a>
              </div>
              <div
                class="rbc-date-cell"
                role="cell"
              >
                <a
                  role="cell"
                >
                  <span
                    class="rbc-date-solar"
                  >
                    09
                  </span>
                </a>
              </div>
              <div
                class="rbc-date-cell"
                role="cell"
              >
                <a
                  role="cell"
                >
                  <span
                    class="rbc-date-solar"
                  >
                    10
                  </span>
                </a>
              </div>
            </div>
          </div>
        </div>
        <div
          class="rbc-month-row"
          role="rowgroup"
        >
          <div
            class="rbc-row-bg"
          >
            <div
              class="rbc-day-bg"
            />
            <div
              class="rbc-day-bg"
            />
            <div
              class="rbc-day-bg"
            />
            <div
              class="rbc-day-bg"
            />
            <div
              class="rbc-day-bg"
            />
            <div
              class="rbc-day-bg"
            />
            <div
              class="rbc-day-bg"
            />
          </div>
          <div
            class="rbc-row-content"
            role="row"
          >
            <div
              class="rbc-row "
            >
              <div
                class="rbc-date-cell"
                role="cell"
              >
                <a
                  role="cell"
                >
                  <span
                    class="rbc-date-solar"
                  >
                    11
                  </span>
                </a>
              </div>
              <div
                class="rbc-date-cell"
                role="cell"
              >
                <a
                  role="cell"
                >
                  <span
                    class="rbc-date-solar"
                  >
                    12
                  </span>
                </a>
              </div>
              <div
                class="rbc-date-cell"
                role="cell"
              >
                <a
                  role="cell"
                >
                  <span
                    class="rbc-date-solar"
                  >
                    13
                  </span>
                </a>
              </div>
              <div
                class="rbc-date-cell"
                role="cell"
              >
                <a
                  role="cell"
                >
                  <span
                    class="rbc-date-solar"
                  >
                    14
                  </span>
                </a>
              </div>
              <div
                class="rbc-date-cell"
                role="cell"
              >
                <a
                  role="cell"
                >
                  <span
                    class="rbc-date-solar"
                  >
                    15
                  </span>
                </a>
              </div>
              <div
                class="rbc-date-cell"
                role="cell"
              >
                <a
                  role="cell"
                >
                  <span
                    class="rbc-date-solar"
                  >
                    16
                  </span>
                </a>
              </div>
              <div
                class="rbc-date-cell"
                role="cell"
              >
                <a
                  role="cell"
                >
                  <span
                    class="rbc-date-solar"
                  >
                    17
                  </span>
                </a>
              </div>
            </div>
          </div>
        </div>
        <div
          class="rbc-month-row"
          role="rowgroup"
        >
          <div
            class="rbc-row-bg"
          >
            <div
              class="rbc-day-bg"
            />
            <div
              class="rbc-day-bg"
            />
            <div
              class="rbc-day-bg"
            />
            <div
              class="rbc-day-bg"
            />
            <div
              class="rbc-day-bg"
            />
            <div
              class="rbc-day-bg"
            />
            <div
              class="rbc-day-bg"
            />
          </div>
          <div
            class="rbc-row-content"
            role="row"
          >
            <div
              class="rbc-row "
            >
              <div
                class="rbc-date-cell"
                role="cell"
              >
                <a
                  role="cell"
                >
                  <span
                    class="rbc-date-solar"
                  >
                    18
                  </span>
                </a>
              </div>
              <div
                class="rbc-date-cell"
                role="cell"
              >
                <a
                  role="cell"
                >
                  <span
                    class="rbc-date-solar"
                  >
                    19
                  </span>
                </a>
              </div>
              <div
                class="rbc-date-cell"
                role="cell"
              >
                <a
                  role="cell"
                >
                  <span
                    class="rbc-date-solar"
                  >
                    20
                  </span>
                </a>
              </div>
              <div
                class="rbc-date-cell"
                role="cell"
              >
                <a
                  role="cell"
                >
                  <span
                    class="rbc-date-solar"
                  >
                    21
                  </span>
                </a>
              </div>
              <div
                class="rbc-date-cell"
                role="cell"
              >
                <a
                  role="cell"
                >
                  <span
                    class="rbc-date-solar"
                  >
                    22
                  </span>
                </a>
              </div>
              <div
                class="rbc-date-cell"
                role="cell"
              >
                <a
                  role="cell"
                >
                  <span
                    class="rbc-date-solar"
                  >
                    23
                  </span>
                </a>
              </div>
              <div
                class="rbc-date-cell"
                role="cell"
              >
                <a
                  role="cell"
                >
                  <span
                    class="rbc-date-solar"
                  >
                    24
                  </span>
                </a>
              </div>
            </div>
          </div>
        </div>
        <div
          class="rbc-month-row"
          role="rowgroup"
        >
          <div
            class="rbc-row-bg"
          >
            <div
              class="rbc-day-bg"
            />
            <div
              class="rbc-day-bg"
            />
            <div
              class="rbc-day-bg"
            />
            <div
              class="rbc-day-bg"
            />
            <div
              class="rbc-day-bg rbc-today"
            />
            <div
              class="rbc-day-bg"
            />
            <div
              class="rbc-day-bg"
            />
          </div>
          <div
            class="rbc-row-content"
            role="row"
          >
            <div
              class="rbc-row "
            >
              <div
                class="rbc-date-cell"
                role="cell"
              >
                <a
                  role="cell"
                >
                  <span
                    class="rbc-date-solar"
                  >
                    25
                  </span>
                </a>
              </div>
              <div
                class="rbc-date-cell"
                role="cell"
              >
                <a
                  role="cell"
                >
                  <span
                    class="rbc-date-solar"
                  >
                    26
                  </span>
                </a>
              </div>
              <div
                class="rbc-date-cell"
                role="cell"
              >
                <a
                  role="cell"
                >
                  <span
                    class="rbc-date-solar"
                  >
                    27
                  </span>
                </a>
              </div>
              <div
                class="rbc-date-cell"
                role="cell"
              >
                <a
                  role="cell"
                >
                  <span
                    class="rbc-date-solar"
                  >
                    28
                  </span>
                </a>
              </div>
              <div
                class="rbc-date-cell rbc-now rbc-current"
                role="cell"
              >
                <a
                  role="cell"
                >
                  <span
                    class="rbc-date-solar"
                  >
                    29
                  </span>
                </a>
              </div>
              <div
                class="rbc-date-cell"
                role="cell"
              >
                <a
                  role="cell"
                >
                  <span
                    class="rbc-date-solar"
                  >
                    30
                  </span>
                </a>
              </div>
              <div
                class="rbc-date-cell"
                role="cell"
              >
                <a
                  role="cell"
                >
                  <span
                    class="rbc-date-solar"
                  >
                    31
                  </span>
                </a>
              </div>
            </div>
          </div>
        </div>
      </div>
    </div>
  </div>
</div>
`;
