// Jest Snapshot v1, https://goo.gl/fbAQLP

exports[`cascadaer cascadaer 1`] = `
<div>
  <div
    class="ant-formily-item ant-formily-item-layout-horizontal ant-formily-item-feedback-layout-loose ant-formily-item-label-align-right ant-formily-item-control-align-left"
  >
    <div
      class="ant-formily-item-label"
    >
      <div
        class="ant-formily-item-label-content"
      >
        <span>
          <label>
            编辑模式
          </label>
        </span>
      </div>
      <span
        class="ant-formily-item-colon"
      >
        :
      </span>
    </div>
    <div
      class="ant-formily-item-control"
    >
      <div
        class="ant-formily-item-control-content"
      >
        <div
          class="ant-formily-item-control-content-component"
        >
          <div
            class="ant-select ant-cascader ant-select-single ant-select-allow-clear ant-select-show-arrow ant-select-loading"
          >
            <div
              class="ant-select-selector"
            >
              <span
                class="ant-select-selection-search"
              >
                <input
                  aria-autocomplete="list"
                  aria-controls="rc_select_TEST_OR_SSR_list"
                  aria-haspopup="listbox"
                  aria-owns="rc_select_TEST_OR_SSR_list"
                  autocomplete="off"
                  class="ant-select-selection-search-input"
                  id="rc_select_TEST_OR_SSR"
                  readonly=""
                  role="combobox"
                  style="opacity: 0;"
                  type="search"
                  unselectable="on"
                  value=""
                />
              </span>
              <span
                class="ant-select-selection-placeholder"
              />
            </div>
            <span
              aria-hidden="true"
              class="ant-select-arrow ant-select-arrow-loading"
              style="user-select: none;"
              unselectable="on"
            >
              <span
                aria-label="loading"
                class="anticon anticon-loading anticon-spin"
                role="img"
              >
                <svg
                  aria-hidden="true"
                  data-icon="loading"
                  fill="currentColor"
                  focusable="false"
                  height="1em"
                  viewBox="0 0 1024 1024"
                  width="1em"
                >
                  <path
                    d="M988 548c-19.9 0-36-16.1-36-36 0-59.4-11.6-117-34.6-171.3a440.45 440.45 0 00-94.3-139.9 437.71 437.71 0 00-139.9-94.3C629 83.6 571.4 72 512 72c-19.9 0-36-16.1-36-36s16.1-36 36-36c69.1 0 136.2 13.5 199.3 40.3C772.3 66 827 103 874 150c47 47 83.9 101.8 109.7 162.7 26.7 63.1 40.2 130.2 40.2 199.3.1 19.9-16 36-35.9 36z"
                  />
                </svg>
              </span>
            </span>
          </div>
        </div>
      </div>
    </div>
  </div>
  <div
    class="ant-formily-item ant-formily-item-layout-horizontal ant-formily-item-feedback-layout-loose ant-formily-item-label-align-right ant-formily-item-control-align-left"
  >
    <div
      class="ant-formily-item-label"
    >
      <div
        class="ant-formily-item-label-content"
      >
        <span>
          <label>
            阅读模式
          </label>
        </span>
      </div>
      <span
        class="ant-formily-item-colon"
      >
        :
      </span>
    </div>
    <div
      class="ant-formily-item-control"
    >
      <div
        class="ant-formily-item-control-content"
      >
        <div
          class="ant-formily-item-control-content-component"
        >
          <div />
        </div>
      </div>
    </div>
  </div>
</div>
`;
